// Vitest Snapshot v1, https://vitest.dev/guide/snapshot.html

exports[`CardNew render > Default render 1`] = `
<div
  class="ant-card css-dev-only-do-not-override-1p3hq3p ant-card-bordered ant-card-hoverable"
  data-v-42e0d835=""
  style="width: 250px; height: 445px;"
>
  <!---->
  <div
    class="ant-card-cover"
  >
    
    <button
      class="css-dev-only-do-not-override-1p3hq3p ant-btn ant-btn-link ant-btn-icon-only"
      data-v-42e0d835=""
      type="button"
    >
      
      <span
        aria-label="plus"
        class="anticon anticon-plus"
        data-v-42e0d835=""
        role="img"
        style="color: rgb(3, 168, 168);"
      >
        <svg
          aria-hidden="true"
          data-icon="plus"
          fill="currentColor"
          focusable="false"
          height="1em"
          viewBox="64 64 896 896"
          width="1em"
        >
          <path
            d="M482 152h60q8 0 8 8v704q0 8-8 8h-60q-8 0-8-8V160q0-8 8-8z"
          />
          <path
            d="M192 474h672q8 0 8 8v60q0 8-8 8H160q-8 0-8-8v-60q0-8 8-8z"
          />
        </svg>
        <!---->
      </span>
      
      
      
    </button>
    
  </div>
  <div
    class="ant-card-body"
  >
    
    <div
      class="ant-card-meta"
      data-v-42e0d835=""
    >
      <!---->
      <div
        class="ant-card-meta-detail"
      >
        <div
          class="ant-card-meta-title"
        >
          Добавить гнома
        </div>
        <!---->
      </div>
    </div>
    
  </div>
  <!---->
</div>
`;
